[www.unitedescrowinc.com/index.html]
[backblue.gif]
[fade.gif]
[index.html]
[images.squarespace-cdn.com/content/54dd192ee4b03539bbd71c29/1424451866231-I06QV4LSLH58N9DPLZFF/UEred5d45.png]
[assets.squarespace.com/@sqs/polyfiller/1.6/legacy.js]
[use.typekit.net/ik/qEAj4MWFMhastEpcwztAQeC-Drk5Bi0zIiaEA3rwCZjfeT62fFHN4UJLFRbh52jhWD9XZebU5Q48ZQsKw2wuwD8KjcbawAwk5s7dMPG0Sas8ic9ljhyzdKuhiYyRO1FUiABkZWF3jAF8OcFzdPUCdhFydeyzSabCSas8ic9ljhyzdKuhiYyR]
[assets.squarespace.com/universal/scripts-compressed/extract-css-runtime-af949235d15eedd394b42-min.en-US.js]
[assets.squarespace.com/@sqs/polyfiller/1.6/modern.js]
[assets.squarespace.com/universal/scripts-compressed/cldr-resource-pack-56fdc0b6309d3f37f75e8-min.en-US.js]
[assets.squarespace.com/universal/scripts-compressed/common-vendors-stable-dade9d616ff90ebf99b1d-min.en-US.js]
[assets.squarespace.com/universal/scripts-compressed/extract-css-moment-js-vendor-5082e2dab696b020ac83a-min.en-US.js]
[static1.squarespace.com/static/sitecss/54dd192ee4b03539bbd71c29/83/52a74dafe4b073a80cd253c5/54dd192ee4b03539bbd71c32/1043/site.css]
[www.unitedescrowinc.com/company.html]
[www.unitedescrowinc.com/services.html]
[www.unitedescrowinc.com/contact.html]
[assets.squarespace.com/universal/scripts-compressed/performance-33cb1bd12b5d95b2bf5ae-min.en-US.js]
[www.unitedescrowinc.com/resources.html]
[www.unitedescrowinc.com/escrow.html]
[images.squarespace-cdn.com/content/v1/54dd192ee4b03539bbd71c29/1424451866231-I06QV4LSLH58N9DPLZFF/UEred26f7.png]
[images.squarespace-cdn.com/content/v1/54dd192ee4b03539bbd71c29/1424451494138-FEGH96DWKXRQC0O8KNGN/UEbluebottom.png]
[www.unitedescrowinc.com/index.html]
[assets.squarespace.com/universal/scripts-compressed/common-vendors-4b49c51e5a53d327d3bd7-min.en-US.js]
[static1.squarespace.com/static/ta/52a74d9ae4b0253945d2aee9/1043/scripts/site-bundle.js]
[assets.squarespace.com/universal/scripts-compressed/common-b1495d1c475be529906af-min.en-US.js]
[assets.squarespace.com/universal/images-v6/damask/error-dark.png]
[assets.squarespace.com/universal/images-v6/damask/error-dark@2x.png]
[assets.squarespace.com/universal/images-v6/damask/play-button.png]
[assets.squarespace.com/universal/images-v6/damask/play-button@2x.png]
[assets.squarespace.com/universal/images-v6/damask/edit-aviary-light.png]
[assets.squarespace.com/universal/images-v6/damask/edit-aviary-light@2x.png]
[assets.squarespace.com/universal/images-v6/damask/edit-info-light.png]
[assets.squarespace.com/universal/images-v6/damask/edit-info-light@2x.png]
[assets.squarespace.com/universal/images-v6/damask/trash-9-light.png]
[assets.squarespace.com/universal/images-v6/damask/trash-9-light@2x.png]
[assets.squarespace.com/universal/images-v6/damask/trash-9-red.png]
[assets.squarespace.com/universal/images-v6/damask/trash-9-red@2x.png]
[assets.squarespace.com/universal/images-v6/damask/getty-16-light.png]
[assets.squarespace.com/universal/images-v6/damask/getty-32-light.png]
[assets.squarespace.com/universal/images-v6/damask/shopping-cart-16-light.png]
[assets.squarespace.com/universal/images-v6/damask/shopping-cart-32-light.png]
[assets.squarespace.com/universal/images-v6/icons/block-indicator-dark.png]
[assets.squarespace.com/universal/images-v6/icons/block-indicator-dark@2x.png]
[assets.squarespace.com/universal/images-v6/icons/opentable-icons.png]
[static1.squarespace.com/universal/images-v6/icons/icon-searchqueries-20-dark.png]
[assets.squarespace.com/universal/images-v6/icons/icon-searchqueries-20-light.png]
[assets.squarespace.com/universal/images-v6/icons/icon-video-24-light-solid.png]
[assets.squarespace.com/universal/images-v6/damask/image-inside-64-dark.png]
[assets.squarespace.com/universal/images-v6/damask/image-inside-128-dark.png]
[assets.squarespace.com/universal/images-v6/standard/icon_close_7_light.png]
[assets.squarespace.com/universal/images-v6/icons/icon-settings-16-light.png]
[static1.squarespace.com/static/sitecss/54dd192ee4b03539bbd71c29/83/52a74dafe4b073a80cd253c5/54dd192ee4b03539bbd71c32/1043/site.css]
[www.unitedescrowinc.com/company.html]
[assets.squarespace.com/universal/scripts-compressed/extract-css-runtime-8fb6dc5868d0e834f2c43-min.en-US.js]
[assets.squarespace.com/universal/scripts-compressed/extract-css-runtime-42693b54dd511f790b4d2-min.en-US.js]
[images.squarespace-cdn.com/content/v1/54dd192ee4b03539bbd71c29/1424390376019-EPOMQO6Z0P5PI5VH5LAF/building-394961_1280.jpg]
[images.squarespace-cdn.com/content/v1/54dd192ee4b03539bbd71c29/1424392151350-OP3OOES62POSESKA3T5A/dreamstimelarge_30249523.jpg]
[images.squarespace-cdn.com/content/v1/54dd192ee4b03539bbd71c29/1424390626628-4G83GUASW0JNW6JJOUII/5013906050_c7c02abd86_o.jpg]
[images.squarespace-cdn.com/content/v1/54dd192ee4b03539bbd71c29/1424390579929-UHZBLEME38P9BRY4W3ON/3770015203_e148607973_o.png]
[assets.squarespace.com/universal/scripts-compressed/common-e5755026e7c544d70a73e-min.en-US.js]
[images.squarespace-cdn.com/content/v1/54dd192ee4b03539bbd71c29/1424391761406-S0DQSZCE34E5SSUBYP29/los-angeles-432948_1280.jpg]
[www.unitedescrowinc.com/services.html]
[www.unitedescrowinc.com/contact.html]
[www.unitedescrowinc.com/resources.html]
[assets.squarespace.com/universal/scripts-compressed/extract-css-runtime-fa86ac66182dc28a9cdea-min.en-US.js]
[assets.squarespace.com/universal/scripts-compressed/performance-bb5721e73cd845bac5d20-min.en-US.js]
[www.unitedescrowinc.com/escrow.html]
[assets.squarespace.com/universal/scripts-compressed/common-35e70f0f69059979f940e-min.en-US.js]
